// Jest Snapshot v1, https://goo.gl/fbAQLP

exports[`get default config 1`] = `
{
  "branches": [
    "master",
    {
      "channel": "rc",
      "name": "rc-*",
      "prerelease": "rc",
    },
    {
      "name": "rc",
      "prerelease": true,
    },
    {
      "channel": "alpha",
      "name": "alpha",
      "prerelease": "alpha",
    },
    "beta",
  ],
  "plugins": [
    [
      "@semantic-release/commit-analyzer",
      {
        "config": "conventional-changelog-gitmoji-config",
        "releaseRules": [
          {
            "release": "patch",
            "type": "style",
          },
          {
            "release": "patch",
            "type": "build",
          },
        ],
      },
    ],
    [
      "@semantic-release/release-notes-generator",
      {
        "config": "conventional-changelog-gitmoji-config",
      },
    ],
    [
      "@semantic-release/changelog",
      {
        "changelogFile": "CHANGELOG.md",
        "changelogTitle": "# Changelog",
      },
    ],
    "@semantic-release/npm",
    "@semantic-release/github",
    [
      "@semantic-release/git",
      {
        "assets": [
          "CHANGELOG.md",
          "package.json",
        ],
        "message": ":bookmark: chore(release): \${nextRelease.gitTag} [skip ci] 

\${nextRelease.notes}",
      },
    ],
  ],
}
`;
